###############################################################################
#
# IAR ELF Linker V7.10.3.6832/W32 for ARM                 18/Sep/2020  10:54:02
# Copyright 2007-2014 IAR Systems AB.
#
#    Output file  =  
#        C:\Users\lch28\Documents\Cortex\SmartWalker\EWARM\SmartWalker\Exe\SmartWalker.out
#    Map file     =  
#        C:\Users\lch28\Documents\Cortex\SmartWalker\EWARM\SmartWalker/List\SmartWalker.map
#    Command line =  
#        C:\Users\lch28\Documents\Cortex\SmartWalker\EWARM\SmartWalker\Obj\main.o
#        C:\Users\lch28\Documents\Cortex\SmartWalker\EWARM\SmartWalker\Obj\startup_stm32f401xe.o
#        C:\Users\lch28\Documents\Cortex\SmartWalker\EWARM\SmartWalker\Obj\stm32f4xx_hal.o
#        C:\Users\lch28\Documents\Cortex\SmartWalker\EWARM\SmartWalker\Obj\stm32f4xx_hal_adc.o
#        C:\Users\lch28\Documents\Cortex\SmartWalker\EWARM\SmartWalker\Obj\stm32f4xx_hal_adc_ex.o
#        C:\Users\lch28\Documents\Cortex\SmartWalker\EWARM\SmartWalker\Obj\stm32f4xx_hal_cortex.o
#        C:\Users\lch28\Documents\Cortex\SmartWalker\EWARM\SmartWalker\Obj\stm32f4xx_hal_dma.o
#        C:\Users\lch28\Documents\Cortex\SmartWalker\EWARM\SmartWalker\Obj\stm32f4xx_hal_dma_ex.o
#        C:\Users\lch28\Documents\Cortex\SmartWalker\EWARM\SmartWalker\Obj\stm32f4xx_hal_flash.o
#        C:\Users\lch28\Documents\Cortex\SmartWalker\EWARM\SmartWalker\Obj\stm32f4xx_hal_flash_ex.o
#        C:\Users\lch28\Documents\Cortex\SmartWalker\EWARM\SmartWalker\Obj\stm32f4xx_hal_flash_ramfunc.o
#        C:\Users\lch28\Documents\Cortex\SmartWalker\EWARM\SmartWalker\Obj\stm32f4xx_hal_gpio.o
#        C:\Users\lch28\Documents\Cortex\SmartWalker\EWARM\SmartWalker\Obj\stm32f4xx_hal_msp.o
#        C:\Users\lch28\Documents\Cortex\SmartWalker\EWARM\SmartWalker\Obj\stm32f4xx_hal_pwr.o
#        C:\Users\lch28\Documents\Cortex\SmartWalker\EWARM\SmartWalker\Obj\stm32f4xx_hal_pwr_ex.o
#        C:\Users\lch28\Documents\Cortex\SmartWalker\EWARM\SmartWalker\Obj\stm32f4xx_hal_rcc.o
#        C:\Users\lch28\Documents\Cortex\SmartWalker\EWARM\SmartWalker\Obj\stm32f4xx_hal_rcc_ex.o
#        C:\Users\lch28\Documents\Cortex\SmartWalker\EWARM\SmartWalker\Obj\stm32f4xx_hal_tim.o
#        C:\Users\lch28\Documents\Cortex\SmartWalker\EWARM\SmartWalker\Obj\stm32f4xx_hal_tim_ex.o
#        C:\Users\lch28\Documents\Cortex\SmartWalker\EWARM\SmartWalker\Obj\stm32f4xx_hal_uart.o
#        C:\Users\lch28\Documents\Cortex\SmartWalker\EWARM\SmartWalker\Obj\stm32f4xx_it.o
#        C:\Users\lch28\Documents\Cortex\SmartWalker\EWARM\SmartWalker\Obj\system_stm32f4xx.o
#        --redirect _Printf=_PrintfFull --redirect _Scanf=_ScanfFull -o
#        C:\Users\lch28\Documents\Cortex\SmartWalker\EWARM\SmartWalker\Exe\SmartWalker.out
#        --map
#        C:\Users\lch28\Documents\Cortex\SmartWalker\EWARM\SmartWalker/List\SmartWalker.map
#        --config
#        C:\Users\lch28\Documents\Cortex\SmartWalker\EWARM/stm32f401xe_flash.icf
#        --semihosting --entry __iar_program_start --vfe
#
###############################################################################

*******************************************************************************
*** RUNTIME MODEL ATTRIBUTES
***

CppFlavor                     = *
__SystemLibrary               = DLib
__dlib_dynamic_initialization = normal


*******************************************************************************
*** PLACEMENT SUMMARY
***

"A1":  place at 0x08000000 { ro section .intvec };
"P1":  place in [from 0x08000000 to 0x0807ffff] { ro };
"P2":  place in [from 0x20000000 to 0x20017fff] { rw, block CSTACK, block HEAP };

  Section             Kind        Address    Size  Object
  -------             ----        -------    ----  ------
"A1":                                       0x194
  .intvec             ro code  0x08000000   0x194  startup_stm32f401xe.o [1]
                             - 0x08000194   0x194

"P1":                                      0x4c7d
  .text               ro code  0x08000194   0xbfa  main.o [1]
  .text               ro code  0x08000d8e    0x22  zero_init3.o [5]
  .text               ro code  0x08000db0   0x674  stm32f4xx_hal_uart.o [1]
  .text               ro code  0x08001424     0x8  atoi.o [3]
  .text               ro code  0x0800142c    0x30  I32ToDbl.o [4]
  .text               ro code  0x0800145c   0x1a2  DblMul.o [4]
  .text               ro code  0x08001600    0x4c  DblToI32.o [4]
  .text               ro code  0x0800164c   0x1cc  stm32f4xx_hal_gpio.o [1]
  .text               ro code  0x08001818   0x246  DblDiv.o [4]
  .text               ro code  0x08001a60    0xe8  DblAdd.o [4]
  .text               ro code  0x08001b48   0x180  DblSub.o [4]
  .text               ro code  0x08001cc8   0x544  stm32f4xx_hal_adc.o [1]
  .text               ro code  0x08002210   0x8b8  pow.o [4]
  .text               ro code  0x08002ac8    0x88  stm32f4xx_hal.o [1]
  .text               ro code  0x08002b50    0xf6  stm32f4xx_hal_cortex.o [1]
  .text               ro code  0x08002c48   0x6f2  stm32f4xx_hal_tim.o [1]
  .text               ro code  0x0800333c    0xe8  stm32f4xx_hal_tim_ex.o [1]
  .text               ro code  0x08003424   0x460  stm32f4xx_hal_rcc.o [1]
  .text               ro code  0x08003884   0x4b4  stm32f4xx_hal_msp.o [1]
  .text               ro code  0x08003d38   0x38c  stm32f4xx_hal_dma.o [1]
  .text               ro code  0x080040c4   0x198  xstoul.o [3]
  .text               ro code  0x0800425c     0x2  stm32f4xx_hal_adc_ex.o [1]
  .text               ro code  0x0800425e    0x42  xdnorm.o [4]
  .text               ro code  0x080042a0    0x7e  xdint.o [4]
  .text               ro code  0x08004320    0x20  DblCmpEq.o [4]
  .text               ro code  0x08004340     0xc  errno.o [3]
  .text               ro code  0x0800434c    0x2e  DblCmpGe.o [4]
  .text               ro code  0x0800437c    0x2e  DblCmpLe.o [4]
  .text               ro code  0x080043ac    0xb0  xlog.o [4]
  .text               ro code  0x0800445c   0x2be  xexp.o [4]
  .text               ro code  0x0800471c    0xee  I64DivMod.o [5]
  .text               ro code  0x0800480a    0x14  isxxx.o [3]
  .text               ro code  0x0800481e    0x14  tolower.o [3]
  .text               ro code  0x08004834    0x58  memchr.o [5]
  .text               ro code  0x0800488c     0x2  xtls.o [3]
  .text               ro code  0x0800488e    0x40  xdtest.o [4]
  .text               ro code  0x080048d0   0x114  xdscale.o [4]
  .text               ro code  0x080049e4     0x2  I64DivZer.o [5]
  .text               ro code  0x080049e8    0x18  setlocale.o [3]
  .text               ro code  0x08004a00    0x14  xlocale_c.o [3]
  .text               ro code  0x08004a14     0xc  xlocale_c.o [3]
  .text               ro code  0x08004a20    0xd4  packbits_init.o [5]
  .text               ro code  0x08004af4     0x6  abort.o [3]
  .text               ro code  0x08004afc    0x14  exit.o [6]
  .text               ro code  0x08004b10    0x80  stm32f4xx_it.o [1]
  .text               ro code  0x08004b90    0x60  system_stm32f4xx.o [1]
  .text               ro code  0x08004bf0    0x28  data_init.o [5]
  .iar.init_table     const    0x08004c18    0x2c  - Linker created -
  .text               ro code  0x08004c44    0x1a  fpinit_M.o [4]
  .text               ro code  0x08004c60    0x1a  cmain.o [5]
  .text               ro code  0x08004c7a     0x4  low_level_init.o [3]
  .text               ro code  0x08004c7e     0x4  exit.o [3]
  .text               ro code  0x08004c84     0xa  cexit.o [5]
  .text               ro code  0x08004c90    0x10  startup_stm32f401xe.o [1]
  .text               ro code  0x08004ca0     0xc  cstartup_M.o [5]
  .rodata             const    0x08004cac     0x8  system_stm32f4xx.o [1]
  .text               ro code  0x08004cb4     0x4  startup_stm32f401xe.o [1]
  .text               ro code  0x08004cb8     0x4  startup_stm32f401xe.o [1]
  .text               ro code  0x08004cbc     0x4  startup_stm32f401xe.o [1]
  .text               ro code  0x08004cc0     0x4  startup_stm32f401xe.o [1]
  .text               ro code  0x08004cc4     0x4  startup_stm32f401xe.o [1]
  .text               ro code  0x08004cc8     0x4  startup_stm32f401xe.o [1]
  .text               ro code  0x08004ccc     0x4  startup_stm32f401xe.o [1]
  .text               ro code  0x08004cd0     0x4  startup_stm32f401xe.o [1]
  .text               ro code  0x08004cd4     0x4  startup_stm32f401xe.o [1]
  .text               ro code  0x08004cd8     0x4  startup_stm32f401xe.o [1]
  .text               ro code  0x08004cdc     0x4  startup_stm32f401xe.o [1]
  .text               ro code  0x08004ce0     0x4  startup_stm32f401xe.o [1]
  .text               ro code  0x08004ce4     0x4  startup_stm32f401xe.o [1]
  .text               ro code  0x08004ce8     0x4  startup_stm32f401xe.o [1]
  .text               ro code  0x08004cec     0x4  startup_stm32f401xe.o [1]
  .text               ro code  0x08004cf0     0x4  startup_stm32f401xe.o [1]
  .text               ro code  0x08004cf4     0x4  startup_stm32f401xe.o [1]
  .text               ro code  0x08004cf8     0x4  startup_stm32f401xe.o [1]
  .text               ro code  0x08004cfc     0x4  startup_stm32f401xe.o [1]
  .text               ro code  0x08004d00     0x4  startup_stm32f401xe.o [1]
  .text               ro code  0x08004d04     0x4  startup_stm32f401xe.o [1]
  .text               ro code  0x08004d08     0x4  startup_stm32f401xe.o [1]
  .text               ro code  0x08004d0c     0x4  startup_stm32f401xe.o [1]
  .text               ro code  0x08004d10     0x4  startup_stm32f401xe.o [1]
  .text               ro code  0x08004d14     0x4  startup_stm32f401xe.o [1]
  .text               ro code  0x08004d18     0x4  startup_stm32f401xe.o [1]
  .text               ro code  0x08004d1c     0x4  startup_stm32f401xe.o [1]
  .text               ro code  0x08004d20     0x4  startup_stm32f401xe.o [1]
  .text               ro code  0x08004d24     0x4  startup_stm32f401xe.o [1]
  .text               ro code  0x08004d28     0x4  startup_stm32f401xe.o [1]
  .text               ro code  0x08004d2c     0x4  startup_stm32f401xe.o [1]
  .text               ro code  0x08004d30     0x4  startup_stm32f401xe.o [1]
  .text               ro code  0x08004d34     0x4  startup_stm32f401xe.o [1]
  .text               ro code  0x08004d38     0x4  startup_stm32f401xe.o [1]
  .text               ro code  0x08004d3c     0x4  startup_stm32f401xe.o [1]
  .text               ro code  0x08004d40     0x4  startup_stm32f401xe.o [1]
  .text               ro code  0x08004d44     0x4  startup_stm32f401xe.o [1]
  .text               ro code  0x08004d48     0x4  startup_stm32f401xe.o [1]
  .text               ro code  0x08004d4c     0x4  startup_stm32f401xe.o [1]
  .text               ro code  0x08004d50     0x4  startup_stm32f401xe.o [1]
  .text               ro code  0x08004d54     0x4  startup_stm32f401xe.o [1]
  .text               ro code  0x08004d58     0x4  startup_stm32f401xe.o [1]
  .text               ro code  0x08004d5c     0x4  startup_stm32f401xe.o [1]
  .text               ro code  0x08004d60     0x4  startup_stm32f401xe.o [1]
  .text               ro code  0x08004d64     0x4  startup_stm32f401xe.o [1]
  .text               ro code  0x08004d68     0x4  startup_stm32f401xe.o [1]
  .text               ro code  0x08004d6c     0x4  startup_stm32f401xe.o [1]
  .text               ro code  0x08004d70     0x4  startup_stm32f401xe.o [1]
  .text               ro code  0x08004d74     0x4  startup_stm32f401xe.o [1]
  .text               ro code  0x08004d78     0x4  startup_stm32f401xe.o [1]
  .text               ro code  0x08004d7c     0x4  startup_stm32f401xe.o [1]
  .text               ro code  0x08004d80     0x4  startup_stm32f401xe.o [1]
  .text               ro code  0x08004d84     0x4  startup_stm32f401xe.o [1]
  .text               ro code  0x08004d88     0x4  startup_stm32f401xe.o [1]
  .rodata             const    0x08004d8c     0x0  zero_init3.o [5]
  .rodata             const    0x08004d8c     0x0  packbits_init.o [5]
  Initializer bytes   ro data  0x08004d8c    0x85  <for P2 s0>
                             - 0x08004e11  0x4c7d

"P2", part 1 of 3:                          0x360
  P2 s0                        0x20000000   0x360  <Init block>
    .data             inited   0x20000000   0x150  main.o [1]
    .data             inited   0x20000150    0x84  main.o [1]
    __DLIB_PERTHREAD  inited   0x200001d4    0x74  setlocale.o [3]
    .data             inited   0x20000248    0x64  main.o [1]
    .data             inited   0x200002ac    0x51  main.o [1]
    .data             inited   0x20000300    0x3c  main.o [1]
    .data             inited   0x2000033c     0xc  stm32f4xx_hal.o [1]
    .data             inited   0x20000348    0x10  main.o [1]
    .data             inited   0x20000358     0x4  system_stm32f4xx.o [1]
    __DLIB_PERTHREAD  inited   0x2000035c     0x4  errno.o [3]
                             - 0x20000360   0x360

"P2", part 2 of 3:                          0x298
  .bss                zero     0x20000360    0x60  main.o [1]
  .bss                zero     0x200003c0    0x60  main.o [1]
  .bss                zero     0x20000420    0x60  main.o [1]
  .bss                zero     0x20000480    0x40  main.o [1]
  .bss                zero     0x200004c0    0x40  main.o [1]
  .bss                zero     0x20000500    0x40  main.o [1]
  .bss                zero     0x20000540    0x3c  main.o [1]
  .bss                zero     0x2000057c    0x3c  main.o [1]
  .bss                zero     0x200005b8    0x3c  main.o [1]
                             - 0x200005f4   0x294

"P2", part 3 of 3:                          0x400
  CSTACK                       0x200005f8   0x400  <Block>
    CSTACK            uninit   0x200005f8   0x400  <Block tail>
                             - 0x200009f8   0x400


*******************************************************************************
*** INIT TABLE
***

          Address     Size
          -------     ----
Zero (__iar_zero_init3)
    1 destination range, total size 0x294:
          0x20000360  0x294

Copy/packbits (__iar_packbits_init3)
    1 source range, total size 0x85 (15% of destination):
          0x08004d8c   0x85
    1 destination range, total size 0x360:
          0x20000000  0x360



*******************************************************************************
*** MODULE SUMMARY
***

    Module                  ro code  ro data  rw data
    ------                  -------  -------  -------
C:\Users\lch28\Documents\Cortex\SmartWalker\EWARM\SmartWalker\Obj: [1]
    main.o                    3 066      112    1 385
    startup_stm32f401xe.o       636
    stm32f4xx_hal.o             136        2       12
    stm32f4xx_hal_adc.o       1 348
    stm32f4xx_hal_adc_ex.o        2
    stm32f4xx_hal_cortex.o      246
    stm32f4xx_hal_dma.o         908
    stm32f4xx_hal_gpio.o        460
    stm32f4xx_hal_msp.o       1 204
    stm32f4xx_hal_rcc.o       1 120
    stm32f4xx_hal_tim.o       1 778
    stm32f4xx_hal_tim_ex.o      232
    stm32f4xx_hal_uart.o      1 652
    stm32f4xx_it.o              128
    system_stm32f4xx.o           96        9        4
    -------------------------------------------------
    Total:                   13 012      123    1 401

command line: [2]
    -------------------------------------------------
    Total:

dl7M_tlf.a: [3]
    abort.o                       6
    atoi.o                        8
    errno.o                      12        1        4
    exit.o                        4
    isxxx.o                      20
    low_level_init.o              4
    setlocale.o                  24       17      116
    tolower.o                    20
    xlocale_c.o                  32
    xstoul.o                    408
    xtls.o                        2
    -------------------------------------------------
    Total:                      540       18      120

m7M_tlv.a: [4]
    DblAdd.o                    232
    DblCmpEq.o                   32
    DblCmpGe.o                   46
    DblCmpLe.o                   46
    DblDiv.o                    582
    DblMul.o                    418
    DblSub.o                    384
    DblToI32.o                   76
    I32ToDbl.o                   48
    fpinit_M.o                   26
    pow.o                     2 232
    xdint.o                     126
    xdnorm.o                     66
    xdscale.o                   276
    xdtest.o                     64
    xexp.o                      702
    xlog.o                      176
    -------------------------------------------------
    Total:                    5 532

rt7M_tl.a: [5]
    I64DivMod.o                 238
    I64DivZer.o                   2
    cexit.o                      10
    cmain.o                      26
    cstartup_M.o                 12
    data_init.o                  40
    memchr.o                     88
    packbits_init.o             212
    zero_init3.o                 34
    -------------------------------------------------
    Total:                      662

shb_l.a: [6]
    exit.o                       20
    -------------------------------------------------
    Total:                       20

    Gaps                         34                 3
    Linker created                        44    1 024
-----------------------------------------------------
    Grand Total:             19 800      185    2 548


*******************************************************************************
*** ENTRY LIST
***

Entry                      Address   Size  Type      Object
-----                      -------   ----  ----      ------
?main                   0x08004c61         Code  Gb  cmain.o [5]
ADC_IRQHandler          0x08004b25    0x6  Code  Gb  stm32f4xx_it.o [1]
ADC_Init                0x08002107   0xe8  Code  Lc  stm32f4xx_hal_adc.o [1]
AHBPrescTable           0x08004be0   0x10  Data  Gb  system_stm32f4xx.o [1]
AN_d                    0x20000318    0x8  Data  Gb  main.o [1]
AN_p                    0x20000310    0x8  Data  Gb  main.o [1]
APBPrescTable           0x08004cac    0x8  Data  Gb  system_stm32f4xx.o [1]
A_roll_1                0x200002d4    0xc  Data  Gb  main.o [1]
A_roll_6                0x200002e0    0xc  Data  Gb  main.o [1]
An_gain                 0x200002a8    0x4  Data  Gb  main.o [1]
CSTACK$$Base            0x200005f8          --   Gb  - Linker created -
CSTACK$$Limit           0x200009f8          --   Gb  - Linker created -
DMA1_Stream5_IRQHandler
                        0x08004b1f    0x6  Code  Gb  stm32f4xx_it.o [1]
DMA2_Stream1_IRQHandler
                        0x08004b59    0x6  Code  Gb  stm32f4xx_it.o [1]
DMA2_Stream2_IRQHandler
                        0x08004b5f    0x6  Code  Gb  stm32f4xx_it.o [1]
DMA_CalcBaseAndBitshift
                        0x08004097   0x24  Code  Lc  stm32f4xx_hal_dma.o [1]
DMA_SetConfig           0x08004079   0x1e  Code  Lc  stm32f4xx_hal_dma.o [1]
EXTI15_10_IRQHandler    0x08004b51    0x8  Code  Gb  stm32f4xx_it.o [1]
EXTI9_5_IRQHandler      0x08004b2b    0x8  Code  Gb  stm32f4xx_it.o [1]
Get_ADC                 0x08000525   0xc0  Code  Gb  main.o [1]
HAL_ADCEx_InjectedConvCpltCallback
                        0x0800425d    0x2  Code  Wk  stm32f4xx_hal_adc_ex.o [1]
HAL_ADC_ConfigChannel   0x08001fcf  0x138  Code  Gb  stm32f4xx_hal_adc.o [1]
HAL_ADC_ConvCpltCallback
                        0x08001fc9    0x2  Code  Wk  stm32f4xx_hal_adc.o [1]
HAL_ADC_ErrorCallback   0x08001fcd    0x2  Code  Wk  stm32f4xx_hal_adc.o [1]
HAL_ADC_GetValue        0x08001fc3    0x6  Code  Gb  stm32f4xx_hal_adc.o [1]
HAL_ADC_IRQHandler      0x08001e97  0x120  Code  Gb  stm32f4xx_hal_adc.o [1]
HAL_ADC_Init            0x08001cc9   0x54  Code  Gb  stm32f4xx_hal_adc.o [1]
HAL_ADC_LevelOutOfWindowCallback
                        0x08001fcb    0x2  Code  Wk  stm32f4xx_hal_adc.o [1]
HAL_ADC_MspInit         0x080038e5   0x54  Code  Gb  stm32f4xx_hal_msp.o [1]
HAL_ADC_PollForConversion
                        0x08001d1d   0x9e  Code  Gb  stm32f4xx_hal_adc.o [1]
HAL_ADC_Start_IT        0x08001dbb   0xdc  Code  Gb  stm32f4xx_hal_adc.o [1]
HAL_DMA_Abort_IT        0x08003e9b   0x24  Code  Gb  stm32f4xx_hal_dma.o [1]
HAL_DMA_IRQHandler      0x08003ebf  0x1b0  Code  Gb  stm32f4xx_hal_dma.o [1]
HAL_DMA_Init            0x08003d39   0xf0  Code  Gb  stm32f4xx_hal_dma.o [1]
HAL_DMA_Start_IT        0x08003e29   0x66  Code  Gb  stm32f4xx_hal_dma.o [1]
HAL_GPIO_EXTI_Callback  0x08000217   0x14  Code  Gb  main.o [1]
HAL_GPIO_EXTI_IRQHandler
                        0x080017df   0x14  Code  Gb  stm32f4xx_hal_gpio.o [1]
HAL_GPIO_Init           0x0800164d  0x182  Code  Gb  stm32f4xx_hal_gpio.o [1]
HAL_GPIO_TogglePin      0x080017d7    0x8  Code  Gb  stm32f4xx_hal_gpio.o [1]
HAL_GPIO_WritePin       0x080017cf    0x8  Code  Gb  stm32f4xx_hal_gpio.o [1]
HAL_GetTick             0x08002b3f    0x6  Code  Wk  stm32f4xx_hal.o [1]
HAL_IncTick             0x08002b31    0xe  Code  Wk  stm32f4xx_hal.o [1]
HAL_Init                0x08002ac9   0x30  Code  Gb  stm32f4xx_hal.o [1]
HAL_InitTick            0x08002af9   0x38  Code  Wk  stm32f4xx_hal.o [1]
HAL_MspInit             0x08003885   0x60  Code  Gb  stm32f4xx_hal_msp.o [1]
HAL_NVIC_EnableIRQ      0x08002bd1    0xc  Code  Gb  stm32f4xx_hal_cortex.o [1]
HAL_NVIC_SetPriority    0x08002b8f   0x42  Code  Gb  stm32f4xx_hal_cortex.o [1]
HAL_NVIC_SetPriorityGrouping
                        0x08002b75   0x1a  Code  Gb  stm32f4xx_hal_cortex.o [1]
HAL_RCC_ClockConfig     0x080036d3  0x10a  Code  Gb  stm32f4xx_hal_rcc.o [1]
HAL_RCC_GetHCLKFreq     0x08003829    0x6  Code  Gb  stm32f4xx_hal_rcc.o [1]
HAL_RCC_GetPCLK1Freq    0x0800382f   0x10  Code  Gb  stm32f4xx_hal_rcc.o [1]
HAL_RCC_GetPCLK2Freq    0x0800383f    0xe  Code  Gb  stm32f4xx_hal_rcc.o [1]
HAL_RCC_GetSysClockFreq
                        0x080037dd   0x4c  Code  Wk  stm32f4xx_hal_rcc.o [1]
HAL_RCC_OscConfig       0x08003425  0x2a6  Code  Wk  stm32f4xx_hal_rcc.o [1]
HAL_SYSTICK_CLKSourceConfig
                        0x08002c0d   0x14  Code  Gb  stm32f4xx_hal_cortex.o [1]
HAL_SYSTICK_Callback    0x08002c45    0x2  Code  Wk  stm32f4xx_hal_cortex.o [1]
HAL_SYSTICK_Config      0x08002be5   0x28  Code  Gb  stm32f4xx_hal_cortex.o [1]
HAL_SYSTICK_IRQHandler  0x08002c3d    0x8  Code  Gb  stm32f4xx_hal_cortex.o [1]
HAL_TIMEx_BreakCallback
                        0x0800340b    0x2  Code  Wk  stm32f4xx_hal_tim_ex.o [1]
HAL_TIMEx_CommutationCallback
                        0x08003409    0x2  Code  Wk  stm32f4xx_hal_tim_ex.o [1]
HAL_TIMEx_ConfigBreakDeadTime
                        0x080033b7   0x52  Code  Gb  stm32f4xx_hal_tim_ex.o [1]
HAL_TIMEx_MasterConfigSynchronization
                        0x0800336d   0x4a  Code  Gb  stm32f4xx_hal_tim_ex.o [1]
HAL_TIMEx_PWMN_Start    0x0800333d    0xa  Code  Gb  stm32f4xx_hal_tim_ex.o [1]
HAL_TIM_Base_Init       0x08002c49   0x1a  Code  Gb  stm32f4xx_hal_tim.o [1]
HAL_TIM_Base_MspInit    0x08003a2d   0x64  Code  Gb  stm32f4xx_hal_msp.o [1]
HAL_TIM_Base_Start_IT   0x08002c63   0x16  Code  Gb  stm32f4xx_hal_tim.o [1]
HAL_TIM_ConfigClockSource
                        0x0800300f   0xb4  Code  Gb  stm32f4xx_hal_tim.o [1]
HAL_TIM_Encoder_Init    0x08002d37   0x8a  Code  Gb  stm32f4xx_hal_tim.o [1]
HAL_TIM_Encoder_MspInit
                        0x08003963   0xca  Code  Gb  stm32f4xx_hal_msp.o [1]
HAL_TIM_Encoder_Start   0x08002dc9   0x20  Code  Gb  stm32f4xx_hal_tim.o [1]
HAL_TIM_IC_CaptureCallback
                        0x080030e5    0x2  Code  Wk  stm32f4xx_hal_tim.o [1]
HAL_TIM_IRQHandler      0x08002df3  0x14a  Code  Gb  stm32f4xx_hal_tim.o [1]
HAL_TIM_MspPostInit     0x08003aa5   0x58  Code  Gb  stm32f4xx_hal_msp.o [1]
HAL_TIM_OC_DelayElapsedCallback
                        0x080030e3    0x2  Code  Wk  stm32f4xx_hal_tim.o [1]
HAL_TIM_PWM_ConfigChannel
                        0x08002f3d   0xd2  Code  Gb  stm32f4xx_hal_tim.o [1]
HAL_TIM_PWM_Init        0x08002c91   0x1a  Code  Gb  stm32f4xx_hal_tim.o [1]
HAL_TIM_PWM_MspInit     0x08003939   0x2a  Code  Gb  stm32f4xx_hal_msp.o [1]
HAL_TIM_PWM_PulseFinishedCallback
                        0x080030e7    0x2  Code  Wk  stm32f4xx_hal_tim.o [1]
HAL_TIM_PWM_Start       0x08002cab    0x8  Code  Gb  stm32f4xx_hal_tim.o [1]
HAL_TIM_PeriodElapsedCallback
                        0x08000195   0x3a  Code  Gb  main.o [1]
HAL_TIM_TriggerCallback
                        0x080030e9    0x2  Code  Wk  stm32f4xx_hal_tim.o [1]
HAL_UART_ErrorCallback  0x080010d1    0x2  Code  Wk  stm32f4xx_hal_uart.o [1]
HAL_UART_IRQHandler     0x08000f83  0x148  Code  Gb  stm32f4xx_hal_uart.o [1]
HAL_UART_Init           0x08000db1   0x30  Code  Gb  stm32f4xx_hal_uart.o [1]
HAL_UART_MspInit        0x08003afd  0x172  Code  Gb  stm32f4xx_hal_msp.o [1]
HAL_UART_Receive_DMA    0x08000edb   0x9c  Code  Gb  stm32f4xx_hal_uart.o [1]
HAL_UART_RxCpltCallback
                        0x080010cd    0x2  Code  Wk  stm32f4xx_hal_uart.o [1]
HAL_UART_RxHalfCpltCallback
                        0x080010cf    0x2  Code  Wk  stm32f4xx_hal_uart.o [1]
HAL_UART_Transmit       0x08000e1d   0xa8  Code  Gb  stm32f4xx_hal_uart.o [1]
HAL_UART_TxCpltCallback
                        0x080010cb    0x2  Code  Wk  stm32f4xx_hal_uart.o [1]
InStream_Read           0x08004a21   0x22  Code  Lc  packbits_init.o [5]
MX_GPIO_Init            0x08000bd5   0xc8  Code  Lc  main.o [1]
MX_TIM10_Init           0x08000b55   0x1a  Code  Lc  main.o [1]
MX_TIM11_Init           0x08000b6f   0x18  Code  Lc  main.o [1]
MX_TIM1_Init            0x08000ac1   0x88  Code  Lc  main.o [1]
Motor_CCR1              0x20000150    0x2  Data  Gb  main.o [1]
Motor_CCR2              0x20000152    0x2  Data  Gb  main.o [1]
Motor_CCR3              0x20000154    0x2  Data  Gb  main.o [1]
Motor_CCR4              0x20000156    0x2  Data  Gb  main.o [1]
Motor_Setup             0x0800030d   0x3e  Code  Gb  main.o [1]
NVIC_GetPriorityGrouping
                        0x08002b51    0xa  Code  Lc  stm32f4xx_hal_cortex.o [1]
NVIC_SetPriority        0x08002b5b   0x1a  Code  Lc  stm32f4xx_hal_cortex.o [1]
PD_Control              0x080005e5   0x8a  Code  Gb  main.o [1]
PID_Control             0x0800035f  0x1bc  Code  Gb  main.o [1]
PSD_d                   0x20000308    0x8  Data  Gb  main.o [1]
PSD_gain                0x200001d0    0x4  Data  Gb  main.o [1]
PSD_p                   0x20000300    0x8  Data  Gb  main.o [1]
Region$$Table$$Base     0x08004c18          --   Gb  - Linker created -
Region$$Table$$Limit    0x08004c44          --   Gb  - Linker created -
SysTick_Handler         0x08004b11    0xe  Code  Gb  stm32f4xx_it.o [1]
SystemClock_Config      0x08000a11   0xb0  Code  Gb  main.o [1]
SystemCoreClock         0x20000358    0x4  Data  Gb  system_stm32f4xx.o [1]
SystemInit              0x08004b91   0x3a  Code  Gb  system_stm32f4xx.o [1]
TIM1_BRK_TIM9_IRQHandler
                        0x08004b33   0x12  Code  Gb  stm32f4xx_it.o [1]
TIM_Base_SetConfig      0x080030eb   0x72  Code  Gb  stm32f4xx_hal_tim.o [1]
TIM_CCxChannelCmd       0x080031b9   0x18  Code  Gb  stm32f4xx_hal_tim.o [1]
TIM_CCxNChannelCmd      0x0800340d   0x18  Code  Lc  stm32f4xx_hal_tim_ex.o [1]
TIM_ETR_SetConfig       0x08003327   0x14  Code  Lc  stm32f4xx_hal_tim.o [1]
TIM_ITRx_SetConfig      0x08003317   0x10  Code  Lc  stm32f4xx_hal_tim.o [1]
TIM_OC1_SetConfig       0x080031d1   0x4a  Code  Lc  stm32f4xx_hal_tim.o [1]
TIM_OC2_SetConfig       0x08003165   0x52  Code  Gb  stm32f4xx_hal_tim.o [1]
TIM_OC3_SetConfig       0x0800321b   0x50  Code  Lc  stm32f4xx_hal_tim.o [1]
TIM_OC4_SetConfig       0x0800326b   0x40  Code  Lc  stm32f4xx_hal_tim.o [1]
TIM_TI1_ConfigInputStage
                        0x080032d1   0x22  Code  Lc  stm32f4xx_hal_tim.o [1]
TIM_TI2_ConfigInputStage
                        0x080032f3   0x24  Code  Lc  stm32f4xx_hal_tim.o [1]
UART_DMAAbortOnError    0x080011ed   0x10  Code  Lc  stm32f4xx_hal_uart.o [1]
UART_DMAError           0x08001115   0x48  Code  Lc  stm32f4xx_hal_uart.o [1]
UART_DMAReceiveCplt     0x080010d5   0x34  Code  Lc  stm32f4xx_hal_uart.o [1]
UART_DMARxHalfCplt      0x08001109    0xa  Code  Lc  stm32f4xx_hal_uart.o [1]
UART_EndRxTransfer      0x080011cf   0x1c  Code  Lc  stm32f4xx_hal_uart.o [1]
UART_EndTxTransfer      0x080011bd   0x12  Code  Lc  stm32f4xx_hal_uart.o [1]
UART_Receive_IT         0x080011fd   0x7e  Code  Lc  stm32f4xx_hal_uart.o [1]
UART_SetConfig          0x08001289  0x18e  Code  Lc  stm32f4xx_hal_uart.o [1]
UART_WaitOnFlagUntilTimeout
                        0x0800115d   0x60  Code  Lc  stm32f4xx_hal_uart.o [1]
USART1_IRQHandler       0x08004b45    0x6  Code  Gb  stm32f4xx_it.o [1]
USART2_IRQHandler       0x08004b4b    0x6  Code  Gb  stm32f4xx_it.o [1]
USART6_IRQHandler       0x08004b65    0x6  Code  Gb  stm32f4xx_it.o [1]
_Error_Handler          0x08000d8d    0x2  Code  Gb  main.o [1]
_IsdstStr               0x200001d8    0x4  Data  Gb  setlocale.o [3]
_LocaleC_isspace        0x08004a01   0x14  Code  Gb  xlocale_c.o [3]
_LocaleC_tolower        0x08004a15    0xc  Code  Gb  xlocale_c.o [3]
_LocaleForCat           0x080049e9   0x12  Code  Gb  setlocale.o [3]
_LocaleReturnString     0x200001f8   0x50  Data  Lc  setlocale.o [3]
_Locale_Profile         0x200001dc   0x1c  Data  Gb  setlocale.o [3]
_TzoneStr               0x200001d4    0x4  Data  Gb  setlocale.o [3]
__aeabi_cdcmpeq         0x08004321         Code  Gb  DblCmpEq.o [4]
__aeabi_cdcmple         0x0800437d         Code  Gb  DblCmpLe.o [4]
__aeabi_cdrcmple        0x0800434d         Code  Gb  DblCmpGe.o [4]
__aeabi_d2iz            0x08001601         Code  Gb  DblToI32.o [4]
__aeabi_dadd            0x08001a61         Code  Gb  DblAdd.o [4]
__aeabi_ddiv            0x08001819         Code  Gb  DblDiv.o [4]
__aeabi_dmul            0x0800145d         Code  Gb  DblMul.o [4]
__aeabi_dsub            0x08001b49         Code  Gb  DblSub.o [4]
__aeabi_errno_addr      0x08004341    0x6  Code  Gb  errno.o [3]
__aeabi_i2d             0x0800142d         Code  Gb  I32ToDbl.o [4]
__aeabi_ldiv0           0x080049e5         Code  Gb  I64DivZer.o [5]
__aeabi_ui2d            0x08001441         Code  Gb  I32ToDbl.o [4]
__aeabi_uldivmod        0x0800471d         Code  Gb  I64DivMod.o [5]
__cmain                 0x08004c61         Code  Gb  cmain.o [5]
__exit                  0x08004afd   0x14  Code  Gb  exit.o [6]
__iar_Dint              0x080042a1   0x7e  Code  Gb  xdint.o [4]
__iar_Dnorm             0x0800425f   0x42  Code  Gb  xdnorm.o [4]
__iar_Dscale            0x080048d1  0x114  Code  Gb  xdscale.o [4]
__iar_Dtest             0x0800488f   0x30  Code  Gb  xdtest.o [4]
__iar_Errno             0x2000035c    0x4  Data  Gb  errno.o [3]
__iar_Exp               0x0800445d  0x2b6  Code  Gb  xexp.o [4]
__iar_Logpoly           0x080043ad   0x76  Code  Gb  xlog.o [4]
__iar_Memchr            0x08004835         Code  Gb  memchr.o [5]
__iar_Stoul             0x08004209    0x4  Code  Gb  xstoul.o [3]
__iar_Stoulx            0x080040c5  0x13e  Code  Gb  xstoul.o [3]
__iar_d2uiz             0x0800162d         Code  Gb  DblToI32.o [4]
__iar_dadd              0x08001a75         Code  Gb  DblAdd.o [4]
__iar_data_init3        0x08004bf1   0x28  Code  Gb  data_init.o [5]
__iar_dlib_perthread_access
                        0x0800488d    0x2  Code  Gb  xtls.o [3]
__iar_dsub              0x08001b5d         Code  Gb  DblSub.o [4]
__iar_dsubStart         0x08001b6f         Code  Gb  DblSub.o [4]
__iar_init_vfp          0x08004c45         Code  Gb  fpinit_M.o [4]
__iar_packbits_init3    0x08004a43   0xb2  Code  Gb  packbits_init.o [5]
__iar_program_start     0x08004ca1         Code  Gb  cstartup_M.o [5]
__iar_ui2d              0x08001445         Code  Gb  I32ToDbl.o [4]
__iar_vfp_pow           0x0800268b   0x18  Code  Gb  pow.o [4]
__iar_zero_init3        0x08000d8f   0x22  Code  Gb  zero_init3.o [5]
__low_level_init        0x08004c7b    0x4  Code  Gb  low_level_init.o [3]
__vector_table          0x08000000         Data  Gb  startup_stm32f401xe.o [1]
_call_main              0x08004c6d         Code  Gb  cmain.o [5]
_exit                   0x08004c85         Code  Gb  cexit.o [5]
_main                   0x08004c77         Code  Gb  cmain.o [5]
a                       0x20000138    0x4  Data  Gb  main.o [1]
abort                   0x08004af5    0x6  Code  Gb  abort.o [3]
adc_value               0x2000024a    0x2  Data  Gb  main.o [1]
alpha                   0x20000298    0x8  Data  Gb  main.o [1]
atoi                    0x08001425    0x8  Code  Gb  atoi.o [3]
cnt2                    0x20000482    0x2  Data  Gb  main.o [1]
cnt_1                   0x200002f4    0x4  Data  Gb  main.o [1]
cnt_6                   0x200002f8    0x4  Data  Gb  main.o [1]
d_13                    0x20000168    0x8  Data  Gb  main.o [1]
d_24                    0x20000180    0x8  Data  Gb  main.o [1]
degree                  0x2000032c    0x4  Data  Gb  main.o [1]
diff_v1                 0x200001a8    0x4  Data  Gb  main.o [1]
diff_v2                 0x200001ac    0x4  Data  Gb  main.o [1]
digits                  0x0800420c   0x28  Data  Lc  xstoul.o [3]
dist                    0x20000481    0x1  Data  Gb  main.o [1]
distance                0x20000248    0x1  Data  Gb  main.o [1]
en1_cnt                 0x20000188    0x4  Data  Gb  main.o [1]
en2_cnt                 0x2000018c    0x4  Data  Gb  main.o [1]
en3_cnt                 0x20000350    0x4  Data  Gb  main.o [1]
err_cur1                0x200001b4    0x4  Data  Gb  main.o [1]
err_cur2                0x200001c4    0x4  Data  Gb  main.o [1]
err_cur_an              0x20000334    0x4  Data  Gb  main.o [1]
err_cur_psd             0x20000324    0x4  Data  Gb  main.o [1]
err_dif1                0x200001bc    0x4  Data  Gb  main.o [1]
err_dif2                0x200001cc    0x4  Data  Gb  main.o [1]
err_dif_an              0x20000338    0x4  Data  Gb  main.o [1]
err_dif_psd             0x20000328    0x4  Data  Gb  main.o [1]
err_pre1                0x200001b0    0x4  Data  Gb  main.o [1]
err_pre2                0x200001c0    0x4  Data  Gb  main.o [1]
err_pre_an              0x20000330    0x4  Data  Gb  main.o [1]
err_pre_psd             0x20000320    0x4  Data  Gb  main.o [1]
err_sum1                0x200001b8    0x4  Data  Gb  main.o [1]
err_sum2                0x200001c8    0x4  Data  Gb  main.o [1]
exit                    0x08004c7f    0x4  Code  Gb  exit.o [3]
filtered_adc_value      0x2000024c    0x2  Data  Gb  main.o [1]
get_Angle               0x080002db   0x32  Code  Gb  main.o [1]
get_IMU                 0x0800022b   0xa4  Code  Gb  main.o [1]
hadc1                   0x20000250   0x48  Data  Gb  main.o [1]
hdma_usart1_rx          0x20000360   0x60  Data  Gb  main.o [1]
hdma_usart2_rx          0x200003c0   0x60  Data  Gb  main.o [1]
hdma_usart6_rx          0x20000420   0x60  Data  Gb  main.o [1]
htim1                   0x20000540   0x3c  Data  Gb  main.o [1]
htim10                  0x2000057c   0x3c  Data  Gb  main.o [1]
htim11                  0x200005b8   0x3c  Data  Gb  main.o [1]
htim2                   0x20000048   0x3c  Data  Gb  main.o [1]
htim3                   0x20000084   0x3c  Data  Gb  main.o [1]
htim4                   0x200000c0   0x3c  Data  Gb  main.o [1]
htim5                   0x200000fc   0x3c  Data  Gb  main.o [1]
htim9                   0x20000484   0x3c  Data  Gb  main.o [1]
huart1                  0x200004c0   0x40  Data  Gb  main.o [1]
huart2                  0x20000008   0x40  Data  Gb  main.o [1]
huart6                  0x20000500   0x40  Data  Gb  main.o [1]
i_13                    0x20000160    0x8  Data  Gb  main.o [1]
i_24                    0x20000178    0x8  Data  Gb  main.o [1]
internal_Pow            0x08002211  0x470  Code  Lc  pow.o [4]
isspace                 0x0800480b   0x14  Code  Gb  isxxx.o [3]
lnbias                  0x080026a8  0x420  Data  Lc  pow.o [4]
main                    0x0800068b  0x32a  Code  Gb  main.o [1]
memchr                  0x08004835         Code  Gb  memchr.o [5]
ndigs                   0x08004234   0x28  Data  Lc  xstoul.o [3]
o_en1_cnt               0x20000190    0x4  Data  Gb  main.o [1]
o_en2_cnt               0x20000194    0x4  Data  Gb  main.o [1]
p_13                    0x20000158    0x8  Data  Gb  main.o [1]
p_24                    0x20000170    0x8  Data  Gb  main.o [1]
pulse                   0x20000354    0x4  Data  Gb  main.o [1]
pulse_per_degree        0x20000348    0x8  Data  Gb  main.o [1]
roll_1                  0x200002ec    0x4  Data  Gb  main.o [1]
roll_6                  0x200002f0    0x4  Data  Gb  main.o [1]
rx_buf_1                0x200002ac   0x14  Data  Gb  main.o [1]
rx_buf_6                0x200002c0   0x14  Data  Gb  main.o [1]
rx_buffer               0x20000000    0x1  Data  Gb  main.o [1]
rx_buffer2_a            0x20000002    0x1  Data  Gb  main.o [1]
rx_buffer2_b            0x20000003    0x1  Data  Gb  main.o [1]
rx_buffer_null          0x20000001    0x1  Data  Gb  main.o [1]
start                   0x20000480    0x1  Data  Gb  main.o [1]
stop                    0x080001cf   0x48  Code  Gb  main.o [1]
t_v1                    0x200001a0    0x4  Data  Gb  main.o [1]
t_v2                    0x200001a4    0x4  Data  Gb  main.o [1]
tolower                 0x0800481f   0x14  Code  Gb  tolower.o [3]
tx_buf                  0x200002fc    0x1  Data  Gb  main.o [1]
tx_buffer               0x2000013c   0x14  Data  Gb  main.o [1]
tx_len                  0x20000004    0x1  Data  Gb  main.o [1]
uwTick                  0x20000340    0x4  Data  Gb  stm32f4xx_hal.o [1]
uwTickFreq              0x2000033c    0x1  Data  Gb  stm32f4xx_hal.o [1]
uwTickPrio              0x20000344    0x4  Data  Gb  stm32f4xx_hal.o [1]
v1                      0x20000198    0x4  Data  Gb  main.o [1]
v2                      0x2000019c    0x4  Data  Gb  main.o [1]
voltage                 0x200002a0    0x8  Data  Gb  main.o [1]


[1] = C:\Users\lch28\Documents\Cortex\SmartWalker\EWARM\SmartWalker\Obj
[2] = command line
[3] = dl7M_tlf.a
[4] = m7M_tlv.a
[5] = rt7M_tl.a
[6] = shb_l.a

  19 800 bytes of readonly  code memory
     185 bytes of readonly  data memory
   2 548 bytes of readwrite data memory

Errors: none
Warnings: none
